arm B: 24 batches, cache=True, spent so far $0.0765
  B/01    49.2s  $0.0771  in=8088 cr=0 out=5135 (think 3421)
  B/02    46.6s  $0.0632  in=8054 cr=3837 out=4629 (think 3028)
  B/03    36.4s  $0.0549  in=7951 cr=3837 out=3821 (think 2302)
  B/04  attempt 1 failed: ValueError: cid mismatch: missing=[] extra=['5a6526c39ab1x']
  B/04    32.8s  $0.0505  in=7861 cr=3837 out=3406 (think 1820)
  B/05    38.4s  $0.0577  in=8227 cr=3837 out=4048 (think 2351)
  B/06    43.1s  $0.0604  in=8140 cr=3837 out=4338 (think 2805)
  B/07    35.5s  $0.0535  in=7961 cr=3837 out=3684 (think 2077)
  B/08    38.8s  $0.0565  in=8145 cr=3837 out=3948 (think 2325)
  B/09    44.0s  $0.0627  in=8119 cr=3837 out=4571 (think 2917)
  B/10    37.0s  $0.0550  in=7930 cr=3837 out=3837 (think 2330)
  B/11    36.8s  $0.0553  in=8113 cr=3837 out=3829 (think 2311)
  B/12    42.7s  $0.0620  in=8367 cr=3837 out=4446 (think 2899)
  B/13    37.6s  $0.0574  in=8184 cr=3837 out=4024 (think 2465)
  B/14    33.2s  $0.0504  in=8143 cr=3837 out=3337 (think 1673)
  B/15    43.3s  $0.0595  in=8180 cr=3837 out=4235 (think 2756)
  B/16    44.1s  $0.0615  in=7974 cr=3837 out=4479 (think 2913)
  B/17    34.8s  $0.0525  in=8330 cr=3837 out=3512 (think 1986)
  B/18    38.5s  $0.0568  in=8014 cr=3837 out=4002 (think 2506)
  B/19     3.3s  $0.0042  in=1013 cr=3837 out=140 (think 0)
  B/x01    36.9s  $0.0550  in=8065 cr=3837 out=3806 (think 2245)
  B/x02    25.4s  $0.0417  in=7539 cr=3837 out=2582 (think 1203)
  B/x03  attempt 1 failed: ValueError: cid mismatch: missing=[] extra=['51e406dae26a2']
  B/x03    29.2s  $0.0451  in=7632 cr=3837 out=2904 (think 1444)
  B/x04    31.4s  $0.0488  in=8058 cr=3837 out=3192 (think 1686)
  B/x05    46.0s  $0.0588  in=6424 cr=3837 out=4514 (think 3269)
{
 "calls": 24,
 "calls_ok": 24,
 "calls_failed": 0,
 "failed_tags": [],
 "input_tokens": 184512,
 "cache_read_tokens": 88251,
 "cache_write_tokens": 3837,
 "output_tokens": 90419,
 "thinking_tokens": 54732,
 "cost_usd": 1.300457,
 "api_seconds_sum": 885.3,
 "retries": 2,
 "arm": "B",
 "stage_wall_s": 960.92,
 "cache_enabled": true,
 "scored": 572,
 "candidates": 572,
 "complete": true,
 "schema_valid": true,
 "schema_msg": "ok",
 "cumulative_spend_usd": 1.48262
}
