arm C: 24 batches, cache=True, spent so far $1.4826
  C/01    19.0s  $0.0427  in=8088 cr=0 out=1691
  C/03    17.4s  $0.0324  in=7951 cr=3837 out=1576
  C/04    17.7s  $0.0320  in=7861 cr=3837 out=1555
  C/06    17.9s  $0.0327  in=8140 cr=3837 out=1565
  C/07    18.1s  $0.0331  in=7961 cr=3837 out=1637
  C/08    18.3s  $0.0328  in=8145 cr=3837 out=1575
  C/05    18.5s  $0.0330  in=8227 cr=3837 out=1581
  C/09    19.2s  $0.0338  in=8119 cr=3837 out=1676
  C/02    19.3s  $0.0335  in=8054 cr=3837 out=1663
  C/10    16.1s  $0.0315  in=7930 cr=3837 out=1488
  C/15    16.5s  $0.0319  in=8180 cr=3837 out=1478
  C/12    17.5s  $0.0335  in=8367 cr=3837 out=1597
  C/13    17.3s  $0.0327  in=8184 cr=3837 out=1556
  C/11    17.9s  $0.0327  in=8113 cr=3837 out=1575
  C/14    17.6s  $0.0327  in=8143 cr=3837 out=1567
  C/16    16.9s  $0.0319  in=7974 cr=3837 out=1516
  C/17    16.9s  $0.0325  in=8330 cr=3837 out=1506
  C/19     3.0s  $0.0042  in=1013 cr=3837 out=143
  C/18    16.9s  $0.0322  in=8014 cr=3837 out=1542
  C/x05    15.0s  $0.0271  in=6424 cr=3837 out=1352
  C/x02    16.4s  $0.0311  in=7539 cr=3837 out=1522
  C/x03    16.8s  $0.0311  in=7632 cr=3837 out=1504
  C/x01    17.6s  $0.0327  in=8065 cr=3837 out=1577
  C/x04    17.6s  $0.0330  in=8058 cr=3837 out=1611
{
 "calls": 24,
 "calls_ok": 24,
 "calls_failed": 0,
 "failed_tags": [],
 "input_tokens": 184512,
 "cache_read_tokens": 88251,
 "cache_write_tokens": 3837,
 "output_tokens": 36053,
 "thinking_tokens": 0,
 "cost_usd": 0.756797,
 "api_seconds_sum": 405.49,
 "retries": 0,
 "arm": "C",
 "stage_wall_s": 72.64,
 "cache_enabled": true,
 "scored": 572,
 "candidates": 572,
 "complete": true,
 "schema_valid": true,
 "schema_msg": "ok",
 "cumulative_spend_usd": 2.239408
}
