arm D: 23 batches, cache=True, spent so far $2.2394
  D/p01    19.0s  $0.0336  in=7908 cr=3837 out=1700
  D/p08    17.3s  $0.0323  in=8041 cr=3837 out=1550
  D/p06    17.3s  $0.0318  in=7997 cr=3837 out=1506
  D/p02    18.0s  $0.0329  in=8093 cr=3837 out=1597
  D/p09    18.1s  $0.0323  in=8083 cr=3837 out=1534
  D/p07    18.2s  $0.0327  in=8117 cr=3837 out=1574
  D/p04    18.6s  $0.0320  in=7864 cr=3837 out=1548
  D/p03    19.0s  $0.0323  in=7809 cr=3837 out=1587
  D/p05    19.9s  $0.0340  in=8239 cr=3837 out=1679
  D/p11    16.9s  $0.0318  in=7706 cr=3837 out=1562
  D/p10    17.6s  $0.0321  in=8209 cr=3837 out=1493
  D/p12    17.6s  $0.0320  in=7952 cr=3837 out=1532
  D/p13    17.9s  $0.0320  in=7884 cr=3837 out=1543
  D/p15    17.8s  $0.0315  in=7772 cr=3837 out=1517
  D/p16    18.4s  $0.0324  in=7728 cr=3837 out=1616
  D/p14    19.1s  $0.0342  in=8197 cr=3837 out=1706
  D/p17    18.9s  $0.0324  in=8128 cr=3837 out=1537
  D/p18    17.2s  $0.0324  in=8135 cr=3837 out=1535
  D/p19    17.3s  $0.0324  in=8190 cr=3837 out=1529
  D/p20    17.2s  $0.0319  in=8263 cr=3837 out=1459
  D/p23    16.2s  $0.0292  in=7117 cr=3837 out=1421
  D/p21    17.6s  $0.0329  in=8325 cr=3837 out=1551
  D/p22    18.5s  $0.0340  in=8261 cr=3837 out=1671
{
 "calls": 23,
 "calls_ok": 23,
 "calls_failed": 0,
 "failed_tags": [],
 "input_tokens": 184018,
 "cache_read_tokens": 88251,
 "cache_write_tokens": 0,
 "output_tokens": 35947,
 "thinking_tokens": 0,
 "cost_usd": 0.745156,
 "api_seconds_sum": 413.54,
 "retries": 0,
 "arm": "D",
 "stage_wall_s": 73.94,
 "cache_enabled": true,
 "scored": 572,
 "candidates": 572,
 "complete": true,
 "schema_valid": true,
 "schema_msg": "ok",
 "cumulative_spend_usd": 2.984555
}
