shortlist exit=0: {
  "ok": true,
  "run_dir": "/Users/nabergoj/Projects/research-scan/research/experiments/phase1-stateless/arms/rerank/R15/run",
  "screened": 572,
  "screened_ge2": 90,
  "in_window": 40,
  "outside_window": 2
}
R15: shortlist 40+2 -> reranking 13+2 = 15
  R15/c1  attempt 1 failed: ValueError: cid mismatch: missing=['0400ccbd230c', '27ed8ae2ff8d', '2aba00d1ebdf', '444f2c23f859'] extra=[]
  R15/c1   125.2s  $0.1519  in=8567 cr=5850 out=13360 (think 6467)
  R15/c2    27.5s  $0.0290  in=1208 cr=5850 out=2543 (think 1393)
ranked.json schema: True ok
verify exit=0: {
  "ok": true,
  "run_dir": "/Users/nabergoj/Projects/research-scan/research/experiments/phase1-stateless/arms/rerank/R15/run",
  "verification": {
    "verified": 15,
    "unverified": 0,
    "dropped_retracted": 0,
    "crossref_skipped": false,
    "duration_s": 0.01
  },
  "unverified": []
}
emit exit=0: {
  "ok": true,
  "run_dir": "/Users/nabergoj/Projects/research-scan/research/experiments/phase1-stateless/arms/rerank/R15/run",
  "evidence_json": "/Users/nabergoj/Projects/research-scan/research/experiments/phase1-stateless/arms/rerank/R15/run/evidence.json",
  "emit": {
    "top": 10,
    "founda
{
 "calls": 2,
 "calls_ok": 2,
 "calls_failed": 0,
 "input_tokens": 9775,
 "cache_read_tokens": 11700,
 "cache_write_tokens": 0,
 "output_tokens": 15903,
 "thinking_tokens": 7860,
 "cost_usd": 0.18092,
 "api_seconds_sum": 152.66,
 "retries": 1,
 "sub_arm": "R15",
 "source_arm": "C",
 "cut": 15,
 "reranked": 15,
 "in_window": 13,
 "outside_window": 2,
 "stage_wall_s": 203.74,
 "ranked_schema_valid": true,
 "ranked_schema_msg": "ok",
 "shortlist_size": 42,
 "verify_exit": 0,
 "emit_exit": 0,
 "cumulative_spend_usd": 4.166116,
 "top10_dois": [
  "10.48550/arxiv.2607.20527",
  "10.48550/arxiv.2607.11074",
  "10.48550/arxiv.2604.10990",
  "10.48550/arxiv.2506.08235",
  "10.48550/arxiv.2602.07621",
  "10.48550/arxiv.2607.17917",
  "10.48550/arxiv.2407.12861",
  "10.48550/arxiv.2405.02228",
  "10.18653/v1/2023.emnlp-main.398",
  "10.18653/v1/2023.findings-emnlp.467"
 ],
 "top10_cids": [
  "84b54d56d46b",
  "752402f2a368",
  "cac1acd8d788",
  "444f2c23f859",
  "9fc1195f8ecb",
  "0400ccbd230c",
  "27ed8ae2ff8d",
  "ea71e3251c36",
  "b13f6337909b",
  "7d29489aa7b6"
 ],
 "top10_overlap": 5
}
