skip defaults-savings R15 rep1 (done)
=== defaults-savings R15 rep2  13:58:29 ===
rr/defaults-savings/R15/O1/r2: shortlist 40+6 -> 12+3=15   ledger $0.2003
  rr/defaults-savings/R15/O1/r2/c1 attempt 1 failed: ValueError: cid mismatch: missing=['27753f3a0af1', '3b4211254cf6', '5a5e499f6ec3', '9e3699988af6'] extra=['5716814f6adf_placeholder']
  rr/defaults-savings/R15/O1/r2/c1   221.0s  $0.2361  in=6403 cr=6148 out=22207 (think 16557)
  rr/defaults-savings/R15/O1/r2/c2    37.8s  $0.0373  in=929 cr=6148 out=3422 (think 2423)
  -> $0.2734  379s  verify=0 emit=0  ledger $0.9129
=== defaults-savings R15 rep3  14:04:49 ===
rr/defaults-savings/R15/O1/r3: shortlist 40+6 -> 12+3=15   ledger $0.9129
  rr/defaults-savings/R15/O1/r3/c1   187.2s  $0.2088  in=6403 cr=6148 out=19474 (think 13836)
  rr/defaults-savings/R15/O1/r3/c2    25.8s  $0.0265  in=929 cr=6148 out=2345 (think 1327)
  -> $0.2353  213s  verify=0 emit=0  ledger $1.4210
=== defaults-savings R20 rep1  14:08:24 ===
rr/defaults-savings/R20/O1/r1: shortlist 40+6 -> 15+5=20   ledger $1.4210
  rr/defaults-savings/R20/O1/r1/c1   239.2s  $0.2616  in=6221 cr=6148 out=24792 (think 19049)
  rr/defaults-savings/R20/O1/r1/c2    94.4s  $0.1093  in=4097 cr=6148 out=9992 (think 7075)
  -> $0.3709  334s  verify=0 emit=0  ledger $2.1952
=== defaults-savings R20 rep2  14:14:00 ===
rr/defaults-savings/R20/O1/r2: shortlist 40+6 -> 15+5=20   ledger $2.1952
  rr/defaults-savings/R20/O1/r2/c1   221.3s  $0.2431  in=6221 cr=6148 out=22947 (think 17336)
  rr/defaults-savings/R20/O1/r2/c2    89.2s  $0.0962  in=4097 cr=6148 out=8677 (think 5246)
  -> $0.3393  311s  verify=0 emit=0  ledger $2.9420
=== defaults-savings R20 rep3  14:19:12 ===
rr/defaults-savings/R20/O1/r3: shortlist 40+6 -> 15+5=20   ledger $2.9420
  rr/defaults-savings/R20/O1/r3/c1   211.1s  $0.2128  in=6221 cr=6148 out=19908 (think 14138)
  rr/defaults-savings/R20/O1/r3/c2    72.8s  $0.0787  in=4097 cr=6148 out=6932 (think 3571)
  -> $0.2915  284s  verify=0 emit=0  ledger $3.5262
=== defaults-savings R25 rep1  14:23:57 ===
rr/defaults-savings/R25/O1/r1: shortlist 40+6 -> 19+6=25   ledger $3.5262
  rr/defaults-savings/R25/O1/r1/c1   188.8s  $0.2078  in=6221 cr=6148 out=19416 (think 13535)
  rr/defaults-savings/R25/O1/r1/c2   133.4s  $0.1462  in=6007 cr=6148 out=13299 (think 7786)
  -> $0.3541  322s  verify=0 emit=0  ledger $4.2583
=== defaults-savings R25 rep2  14:29:31 ===
rr/defaults-savings/R25/O1/r2: shortlist 40+6 -> 19+6=25   ledger $4.2583
  rr/defaults-savings/R25/O1/r2/c1   166.2s  $0.1738  in=6221 cr=6148 out=16009 (think 9768)
  rr/defaults-savings/R25/O1/r2/c2   170.9s  $0.2021  in=6007 cr=6148 out=18890 (think 13744)
  -> $0.3759  337s  verify=0 emit=0  ledger $4.8456
=== defaults-savings R25 rep3  14:35:11 ===
rr/defaults-savings/R25/O1/r3: shortlist 40+6 -> 19+6=25   ledger $4.8456
  rr/defaults-savings/R25/O1/r3/c1   271.1s  $0.2917  in=6221 cr=6148 out=27799 (think 21593)
  rr/defaults-savings/R25/O1/r3/c2   142.9s  $0.1493  in=6007 cr=6148 out=13608 (think 8175)
  -> $0.4410  414s  verify=0 emit=0  ledger $5.8151
=== defaults-savings R40 rep1  14:42:06 ===
rr/defaults-savings/R40/O1/r1: shortlist 40+6 -> 34+6=40   ledger $5.8151
  rr/defaults-savings/R40/O1/r1/c1   167.7s  $0.1738  in=6221 cr=6148 out=16012 (think 10251)
  rr/defaults-savings/R40/O1/r1/c2   173.3s  $0.1980  in=6616 cr=6148 out=18358 (think 12834)
  rr/defaults-savings/R40/O1/r1/c3   142.0s  $0.1567  in=6402 cr=6148 out=14266 (think 8604)
  rr/defaults-savings/R40/O1/r1/c4    23.1s  $0.0235  in=393 cr=6148 out=2147 (think 1607)
  -> $0.5520  506s  verify=0 emit=0  ledger $7.0651
=== defaults-savings R40 rep2  14:50:45 ===
rr/defaults-savings/R40/O1/r2: shortlist 40+6 -> 34+6=40   ledger $7.0651
  rr/defaults-savings/R40/O1/r2/c1   152.9s  $0.1593  in=6221 cr=6148 out=14564 (think 8317)
  rr/defaults-savings/R40/O1/r2/c2   196.6s  $0.2207  in=6616 cr=6148 out=20626 (think 15032)
  rr/defaults-savings/R40/O1/r2/c3   214.8s  $0.2097  in=6402 cr=6148 out=19569 (think 13116)
  rr/defaults-savings/R40/O1/r2/c4    38.9s  $0.0351  in=393 cr=6148 out=3310 (think 2772)
  -> $0.6249  603s  verify=0 emit=0  ledger $8.4264
=== defaults-savings R40 rep3  15:00:50 ===
rr/defaults-savings/R40/O1/r3: shortlist 40+6 -> 34+6=40   ledger $8.4264
  rr/defaults-savings/R40/O1/r3/c1   233.0s  $0.2357  in=6221 cr=6148 out=22202 (think 16215)
  rr/defaults-savings/R40/O1/r3/c2   214.0s  $0.2401  in=6616 cr=6148 out=22559 (think 16775)
  rr/defaults-savings/R40/O1/r3/c3   263.3s  $0.2679  in=6402 cr=6148 out=25389 (think 19182)
  rr/defaults-savings/R40/O1/r3/c4    21.2s  $0.0212  in=393 cr=6148 out=1917 (think 1372)
  -> $0.7649  732s  verify=0 emit=0  ledger $9.9463
STREAM DONE defaults-savings 15:13:06
