defaults-savings R20: shortlist 40+6 -> reranking 15+5 = 20   spent $3.5353
  rerank/defaults-savings/R20/c1   153.5s  $0.1613  in=6488 cr=6148 out=14710 (think 9291)
  rerank/defaults-savings/R20/c2    92.8s  $0.0955  in=3542 cr=6148 out=8718 (think 5273)
ranked schema True; verify exit 0; emit exit 0
{
 "calls": 2,
 "calls_ok": 2,
 "calls_failed": 0,
 "input_tokens": 10030,
 "cache_read_tokens": 12296,
 "cache_write_tokens": 0,
 "output_tokens": 23428,
 "thinking_tokens": 14564,
 "cost_usd": 0.256799,
 "api_seconds_sum": 246.22,
 "retries": 0,
 "schema_failures": 0,
 "topic": "defaults-savings",
 "arm": "R20",
 "cut": 20,
 "reranked": 20,
 "in_window": 15,
 "outside_window": 5,
 "stage_wall_s": 246.24,
 "ranked_schema_valid": true,
 "ranked_schema_msg": "ok",
 "shortlist_size": 46,
 "verify_exit": 0,
 "emit_exit": 0,
 "verify_out": "{\n  \"ok\": true,\n  \"run_dir\": \"/Users/nabergoj/Projects/research-scan/research/experiments/phase11-golden/sweep/p11-t1/R20/run\",\n  \"verification\": {\n    \"verified\": 20,\n    \"unverified\": 0,\n    \"dropped_retracted\": 0,\n    \"crossref_skipped\": false,\n    \"duration_s\": 3.676\n  },\n  \"unverified\": []\n}",
 "emit_out": "{\n  \"ok\": true,\n  \"run_dir\": \"/Users/nabergoj/Projects/research-scan/research/experiments/phase11-golden/sweep/p11-t1/R20/run\",\n  \"evidence_json\": \"/Users/nabergoj/Projects/research-scan/research/experiments/phase11-golden/sweep/p11-t1/R20/run/evidence.json\",\n  \"emit\": {\n    \"top\": 10,\n    \"foundational\": 2,\n    \"contradicting\": 1,\n    \"emitted\": 10,\n    \"alternates\": 5,\n    \"dropped_retracted\": 0",
 "frontier_tokens": 33458,
 "cumulative_spend_usd": 3.792144,
 "top10_cids": [
  "9e3699988af6",
  "3c6587448c9c",
  "c3219a378627",
  "32831b736c11",
  "6c8b6522d8f1",
  "a46ee7af47d3",
  "27753f3a0af1",
  "5273b68f1dce",
  "26f21e72f8db",
  "893434476830"
 ],
 "top10_dois": [
  "10.1002/bdm.2395",
  "10.3386/w31926",
  "10.1287/mnsc.2024.05272",
  "10.3386/w32828",
  "10.1002/arcp.70007",
  "10.48550/arxiv.2310.00340",
  null,
  "10.3386/w31601",
  "10.3386/w24854",
  "10.1093/rfs/hhaa108"
 ],
 "selection_reasons": [
  "score",
  "score",
  "score",
  "score",
  "score",
  "score",
  "score",
  "score",
  "foundational",
  "foundational"
 ]
}
