defaults-savings R10: shortlist 40+6 -> reranking 8+2 = 10   spent $3.3786
  rerank/defaults-savings/R10/c1   123.9s  $0.1567  in=5004 cr=0 out=13133 (think 8772)
ranked schema True; verify exit 0; emit exit 0
{
 "calls": 1,
 "calls_ok": 1,
 "calls_failed": 0,
 "input_tokens": 5004,
 "cache_read_tokens": 0,
 "cache_write_tokens": 6148,
 "output_tokens": 13133,
 "thinking_tokens": 8772,
 "cost_usd": 0.156708,
 "api_seconds_sum": 123.9,
 "retries": 0,
 "schema_failures": 0,
 "topic": "defaults-savings",
 "arm": "R10",
 "cut": 10,
 "reranked": 10,
 "in_window": 8,
 "outside_window": 2,
 "stage_wall_s": 123.91,
 "ranked_schema_valid": true,
 "ranked_schema_msg": "ok",
 "shortlist_size": 46,
 "verify_exit": 0,
 "emit_exit": 0,
 "verify_out": "{\n  \"ok\": true,\n  \"run_dir\": \"/Users/nabergoj/Projects/research-scan/research/experiments/phase11-golden/sweep/p11-t1/R10/run\",\n  \"verification\": {\n    \"verified\": 10,\n    \"unverified\": 0,\n    \"dropped_retracted\": 0,\n    \"crossref_skipped\": false,\n    \"duration_s\": 0.012\n  },\n  \"unverified\": []\n}",
 "emit_out": "{\n  \"ok\": true,\n  \"run_dir\": \"/Users/nabergoj/Projects/research-scan/research/experiments/phase11-golden/sweep/p11-t1/R10/run\",\n  \"evidence_json\": \"/Users/nabergoj/Projects/research-scan/research/experiments/phase11-golden/sweep/p11-t1/R10/run/evidence.json\",\n  \"emit\": {\n    \"top\": 10,\n    \"foundational\": 2,\n    \"contradicting\": 1,\n    \"emitted\": 10,\n    \"alternates\": 0,\n    \"dropped_retracted\": 0",
 "frontier_tokens": 18137,
 "cumulative_spend_usd": 3.535344,
 "top10_cids": [
  "3c6587448c9c",
  "9e3699988af6",
  "27753f3a0af1",
  "32831b736c11",
  "f9d28a450ab0",
  "5716814f6adf",
  "3b4211254cf6",
  "4a9e350afe4a",
  "bfd1c9f2db97",
  "5a5e499f6ec3"
 ],
 "top10_dois": [
  "10.3386/w31926",
  "10.1002/bdm.2395",
  null,
  "10.3386/w32828",
  "10.1257/aer.20210881",
  "10.2139/ssrn.4976883",
  "10.65864/lhwgnu4zpv",
  "10.62051/ijgem.v8n2.14",
  "10.1016/j.jcps.2011.06.003",
  "10.1093/qje/qju013"
 ],
 "selection_reasons": [
  "score",
  "score",
  "score",
  "score",
  "score",
  "score",
  "score",
  "score",
  "foundational",
  "foundational"
 ]
}
