defaults-savings family 'xr[0-9]*': 3 batches, 3 to score, spent so far $2.6532
  defaults-savings/xr01    17.1s  $0.0274  in=5591 cr=4120 out=1536
  defaults-savings/xr03     4.2s  $0.0070  in=1841 cr=4120 out=245
  defaults-savings/xr02    16.8s  $0.0313  in=8092 cr=4120 out=1430
{
 "calls": 3,
 "calls_ok": 3,
 "calls_failed": 0,
 "input_tokens": 15524,
 "cache_read_tokens": 12360,
 "cache_write_tokens": 0,
 "output_tokens": 3211,
 "thinking_tokens": 0,
 "cost_usd": 0.06563,
 "api_seconds_sum": 38.1,
 "retries": 0,
 "schema_failures": 0,
 "topic": "defaults-savings",
 "family": "gapexpand",
 "glob": "xr[0-9]*",
 "stage_wall_s": 33.94,
 "scored": 905,
 "candidates": 905,
 "complete": true,
 "schema_valid": true,
 "schema_msg": "ok",
 "cumulative_spend_usd": 2.718798
}
