defaults-savings family 'r[0-9]*': 12 batches, 12 to score, spent so far $1.8548
  defaults-savings/r01    16.8s  $0.0384  in=7141 cr=0 out=1385
  defaults-savings/r05    15.9s  $0.0301  in=7766 cr=4120 out=1372
  defaults-savings/r02    16.3s  $0.0309  in=7971 cr=4120 out=1410
  defaults-savings/r07    16.3s  $0.0309  in=8005 cr=4120 out=1405
  defaults-savings/r03    16.4s  $0.0314  in=8274 cr=4120 out=1398
  defaults-savings/r06    16.5s  $0.0311  in=8192 cr=4120 out=1393
  defaults-savings/r08    16.8s  $0.0311  in=8077 cr=4120 out=1414
  defaults-savings/r04    17.1s  $0.0307  in=8090 cr=4120 out=1365
  defaults-savings/r09    17.1s  $0.0312  in=8185 cr=4120 out=1399
  defaults-savings/r12     5.4s  $0.0090  in=2370 cr=4120 out=340
  defaults-savings/r11    15.1s  $0.0301  in=7960 cr=4120 out=1332
  defaults-savings/r10    16.7s  $0.0310  in=8057 cr=4120 out=1405
{
 "calls": 12,
 "calls_ok": 12,
 "calls_failed": 0,
 "input_tokens": 90088,
 "cache_read_tokens": 45320,
 "cache_write_tokens": 4120,
 "output_tokens": 15618,
 "thinking_tokens": 0,
 "cost_usd": 0.35572,
 "api_seconds_sum": 186.38,
 "retries": 0,
 "schema_failures": 0,
 "topic": "defaults-savings",
 "family": "gap",
 "glob": "r[0-9]*",
 "stage_wall_s": 49.41,
 "scored": 851,
 "candidates": 851,
 "complete": true,
 "schema_valid": true,
 "schema_msg": "ok",
 "cumulative_spend_usd": 2.210552
}
