defaults-savings family 'x[0-9]*': 5 batches, 5 to score, spent so far $1.2930
  defaults-savings/x01    20.3s  $0.0391  in=6297 cr=0 out=1617
  defaults-savings/x05    15.7s  $0.0253  in=5632 cr=4120 out=1325
  defaults-savings/x03    17.2s  $0.0263  in=5266 cr=4120 out=1495
  defaults-savings/x02    18.2s  $0.0307  in=6949 cr=4120 out=1599
  defaults-savings/x04    18.3s  $0.0275  in=5691 cr=4120 out=1526
{
 "calls": 5,
 "calls_ok": 5,
 "calls_failed": 0,
 "input_tokens": 29835,
 "cache_read_tokens": 16480,
 "cache_write_tokens": 4120,
 "output_tokens": 7562,
 "thinking_tokens": 0,
 "cost_usd": 0.148886,
 "api_seconds_sum": 89.76,
 "retries": 0,
 "schema_failures": 0,
 "topic": "defaults-savings",
 "family": "expand",
 "glob": "x[0-9]*",
 "stage_wall_s": 38.62,
 "scored": 570,
 "candidates": 570,
 "complete": true,
 "schema_valid": true,
 "schema_msg": "ok",
 "cumulative_spend_usd": 1.441856
}
